Category: 📺央视频道, Name: CCTV-1, Total: 129, Valid: 44, Valid Percent: 34.11%, Whitelist: 0, IPv4: 1, IPv6: 128, Min Delay: 0.1 ms, Max Speed: 0.66 M/s, Avg Speed: 0.01 M/s, Max Resolution: 1920x1080
Category: 📺央视频道, Name: CCTV-2, Total: 142, Valid: 70, Valid Percent: 49.30%, Whitelist: 0, IPv4: 2, IPv6: 140, Min Delay: 0.1 ms, Max Speed: 0.87 M/s, Avg Speed: 0.02 M/s, Max Resolution: 1920x1080
Category: 📺央视频道, Name: CCTV-3, Total: 129, Valid: 55, Valid Percent: 42.64%, Whitelist: 0, IPv4: 1, IPv6: 128, Min Delay: 0.1 ms, Max Speed: 0.64 M/s, Avg Speed: 0.01 M/s, Max Resolution: 1920x1080
Category: 📺央视频道, Name: CCTV-4, Total: 195, Valid: 61, Valid Percent: 31.28%, Whitelist: 0, IPv4: 2, IPv6: 193, Min Delay: 0.1 ms, Max Speed: 1.31 M/s, Avg Speed: 0.03 M/s, Max Resolution: 1920x1080
Category: 📺央视频道, Name: CCTV-5, Total: 148, Valid: 37, Valid Percent: 25.00%, Whitelist: 0, IPv4: 0, IPv6: 148, Min Delay: 0.1 ms, Max Speed: 0.00 M/s, Avg Speed: 0.00 M/s, Max Resolution: 1920x1080
Category: 📺央视频道, Name: CCTV-5+, Total: 84, Valid: 41, Valid Percent: 48.81%, Whitelist: 0, IPv4: 0, IPv6: 84, Min Delay: 0.1 ms, Max Speed: 0.00 M/s, Avg Speed: 0.00 M/s, Max Resolution: 1920x1080
Category: 📺央视频道, Name: CCTV-6, Total: 117, Valid: 36, Valid Percent: 30.77%, Whitelist: 0, IPv4: 1, IPv6: 116, Min Delay: 0.1 ms, Max Speed: 3.29 M/s, Avg Speed: 0.09 M/s, Max Resolution: 1920x1080
Category: 📺央视频道, Name: CCTV-7, Total: 134, Valid: 61, Valid Percent: 45.52%, Whitelist: 0, IPv4: 1, IPv6: 133, Min Delay: 0.1 ms, Max Speed: 0.87 M/s, Avg Speed: 0.01 M/s, Max Resolution: 1920x1080
Category: 📺央视频道, Name: CCTV-8, Total: 124, Valid: 48, Valid Percent: 38.71%, Whitelist: 0, IPv4: 1, IPv6: 123, Min Delay: 0.1 ms, Max Speed: 0.86 M/s, Avg Speed: 0.02 M/s, Max Resolution: 1920x1080
Category: 📺央视频道, Name: CCTV-9, Total: 136, Valid: 59, Valid Percent: 43.38%, Whitelist: 0, IPv4: 0, IPv6: 136, Min Delay: 0.1 ms, Max Speed: 0.00 M/s, Avg Speed: 0.00 M/s, Max Resolution: 1920x1080
Category: 📺央视频道, Name: CCTV-10, Total: 131, Valid: 57, Valid Percent: 43.51%, Whitelist: 0, IPv4: 0, IPv6: 131, Min Delay: 0.1 ms, Max Speed: 0.00 M/s, Avg Speed: 0.00 M/s, Max Resolution: 1920x1080
Category: 📺央视频道, Name: CCTV-11, Total: 143, Valid: 67, Valid Percent: 46.85%, Whitelist: 0, IPv4: 1, IPv6: 142, Min Delay: 0.1 ms, Max Speed: 0.84 M/s, Avg Speed: 0.01 M/s, Max Resolution: 1920x1080
Category: 📺央视频道, Name: CCTV-12, Total: 139, Valid: 64, Valid Percent: 46.04%, Whitelist: 0, IPv4: 0, IPv6: 139, Min Delay: 0.1 ms, Max Speed: 0.00 M/s, Avg Speed: 0.00 M/s, Max Resolution: 1920x1080
Category: 📺央视频道, Name: CCTV-13, Total: 120, Valid: 42, Valid Percent: 35.00%, Whitelist: 0, IPv4: 1, IPv6: 119, Min Delay: 0.1 ms, Max Speed: 0.65 M/s, Avg Speed: 0.02 M/s, Max Resolution: 1920x1080
Category: 📺央视频道, Name: CCTV-14, Total: 119, Valid: 39, Valid Percent: 32.77%, Whitelist: 0, IPv4: 1, IPv6: 118, Min Delay: 0.1 ms, Max Speed: 0.63 M/s, Avg Speed: 0.02 M/s, Max Resolution: 1920x1080
Category: 📺央视频道, Name: CCTV-15, Total: 136, Valid: 63, Valid Percent: 46.32%, Whitelist: 0, IPv4: 0, IPv6: 136, Min Delay: 0.1 ms, Max Speed: 0.00 M/s, Avg Speed: 0.00 M/s, Max Resolution: 1920x1080
Category: 📺央视频道, Name: CCTV-16, Total: 41, Valid: 23, Valid Percent: 56.10%, Whitelist: 0, IPv4: 0, IPv6: 41, Min Delay: 0.1 ms, Max Speed: 0.00 M/s, Avg Speed: 0.00 M/s, Max Resolution: 1920x1080
Category: 📺央视频道, Name: CCTV-17, Total: 121, Valid: 45, Valid Percent: 37.19%, Whitelist: 0, IPv4: 1, IPv6: 120, Min Delay: 0.1 ms, Max Speed: 0.95 M/s, Avg Speed: 0.02 M/s, Max Resolution: 1920x1080
Category: 📺央视频道, Name: CETV-1, Total: 102, Valid: 3, Valid Percent: 2.94%, Whitelist: 0, IPv4: 3, IPv6: 99, Min Delay: 441 ms, Max Speed: 3.54 M/s, Avg Speed: 1.48 M/s, Max Resolution: 1920x1080
Category: 📺央视频道, Name: CETV-2, Total: 82, Valid: 0, Valid Percent: 0.00%, Whitelist: 0, IPv4: 0, IPv6: 82, Min Delay: -1 ms, Max Speed: 0.00 M/s, Avg Speed: 0.00 M/s, Max Resolution: None
Category: 📺央视频道, Name: CETV-3, Total: 6, Valid: 0, Valid Percent: 0.00%, Whitelist: 0, IPv4: 0, IPv6: 6, Min Delay: -1 ms, Max Speed: 0.00 M/s, Avg Speed: 0.00 M/s, Max Resolution: None
Category: 📺央视频道, Name: CETV-4, Total: 88, Valid: 2, Valid Percent: 2.27%, Whitelist: 0, IPv4: 2, IPv6: 86, Min Delay: 433 ms, Max Speed: 0.92 M/s, Avg Speed: 0.55 M/s, Max Resolution: 1920x1080
Category: 📡卫视频道, Name: 广东卫视, Total: 124, Valid: 59, Valid Percent: 47.58%, Whitelist: 0, IPv4: 1, IPv6: 123, Min Delay: 0.1 ms, Max Speed: 0.63 M/s, Avg Speed: 0.01 M/s, Max Resolution: 1920x1080
Category: 📡卫视频道, Name: 香港卫视, Total: 13, Valid: 5, Valid Percent: 38.46%, Whitelist: 0, IPv4: 0, IPv6: 13, Min Delay: 0.1 ms, Max Speed: 0.00 M/s, Avg Speed: 0.00 M/s, Max Resolution: 1920x1080
Category: 📡卫视频道, Name: 深圳卫视, Total: 49, Valid: 33, Valid Percent: 67.35%, Whitelist: 0, IPv4: 0, IPv6: 49, Min Delay: 0.1 ms, Max Speed: 0.00 M/s, Avg Speed: 0.00 M/s, Max Resolution: 1920x1080
Category: ☘️广东频道, Name: 广东珠江, Total: 107, Valid: 40, Valid Percent: 37.38%, Whitelist: 0, IPv4: 1, IPv6: 106, Min Delay: 0.1 ms, Max Speed: 1.24 M/s, Avg Speed: 0.03 M/s, Max Resolution: 1920x1080
Category: ☘️广东频道, Name: 广东体育, Total: 87, Valid: 10, Valid Percent: 11.49%, Whitelist: 0, IPv4: 1, IPv6: 86, Min Delay: 0.1 ms, Max Speed: 1.02 M/s, Avg Speed: 0.10 M/s, Max Resolution: 1920x1080
Category: ☘️广东频道, Name: 广东新闻, Total: 45, Valid: 7, Valid Percent: 15.56%, Whitelist: 0, IPv4: 0, IPv6: 45, Min Delay: 0.1 ms, Max Speed: 0.00 M/s, Avg Speed: 0.00 M/s, Max Resolution: 1920x1080
Category: ☘️广东频道, Name: 广东民生, Total: 51, Valid: 6, Valid Percent: 11.76%, Whitelist: 0, IPv4: 0, IPv6: 51, Min Delay: 0.1 ms, Max Speed: 0.00 M/s, Avg Speed: 0.00 M/s, Max Resolution: 1920x1080
Category: ☘️广东频道, Name: 大湾区卫视, Total: 64, Valid: 12, Valid Percent: 18.75%, Whitelist: 0, IPv4: 0, IPv6: 64, Min Delay: 0.1 ms, Max Speed: 0.00 M/s, Avg Speed: 0.00 M/s, Max Resolution: 1920x1080
Category: ☘️广东频道, Name: 广州综合, Total: 39, Valid: 38, Valid Percent: 97.44%, Whitelist: 0, IPv4: 0, IPv6: 39, Min Delay: 0.1 ms, Max Speed: 0.00 M/s, Avg Speed: 0.00 M/s, Max Resolution: 1920x1080
Category: ☘️广东频道, Name: 广州影视, Total: 32, Valid: 31, Valid Percent: 96.88%, Whitelist: 0, IPv4: 0, IPv6: 32, Min Delay: 0.1 ms, Max Speed: 0.00 M/s, Avg Speed: 0.00 M/s, Max Resolution: 1920x1080
Category: ☘️广东频道, Name: 广州竞赛, Total: 25, Valid: 10, Valid Percent: 40.00%, Whitelist: 0, IPv4: 0, IPv6: 25, Min Delay: 0.1 ms, Max Speed: 0.00 M/s, Avg Speed: 0.00 M/s, Max Resolution: 1920x1080
Category: ☘️广东频道, Name: 汕头综合, Total: 9, Valid: 9, Valid Percent: 100.00%, Whitelist: 0, IPv4: 0, IPv6: 9, Min Delay: 0.1 ms, Max Speed: 0.00 M/s, Avg Speed: 0.00 M/s, Max Resolution: 1920x1080
Category: ☘️广东频道, Name: 汕头经济, Total: 6, Valid: 6, Valid Percent: 100.00%, Whitelist: 0, IPv4: 0, IPv6: 6, Min Delay: 0.1 ms, Max Speed: 0.00 M/s, Avg Speed: 0.00 M/s, Max Resolution: 1920x1080
Category: ☘️北京频道, Name: 北京卡酷少儿, Total: 39, Valid: 0, Valid Percent: 0.00%, Whitelist: 0, IPv4: 0, IPv6: 39, Min Delay: -1 ms, Max Speed: 0.00 M/s, Avg Speed: 0.00 M/s, Max Resolution: None
Category: ☘️北京频道, Name: 北京新闻, Total: 40, Valid: 10, Valid Percent: 25.00%, Whitelist: 0, IPv4: 1, IPv6: 39, Min Delay: 0.1 ms, Max Speed: 2.23 M/s, Avg Speed: 0.22 M/s, Max Resolution: 1920x1080
Category: ☘️北京频道, Name: 北京生活, Total: 34, Valid: 4, Valid Percent: 11.76%, Whitelist: 0, IPv4: 1, IPv6: 33, Min Delay: 0.1 ms, Max Speed: 0.08 M/s, Avg Speed: 0.02 M/s, Max Resolution: 1920x1080
Category: ☘️北京频道, Name: 北京科教, Total: 1, Valid: 1, Valid Percent: 100.00%, Whitelist: 0, IPv4: 1, IPv6: 0, Min Delay: 11 ms, Max Speed: 9.26 M/s, Avg Speed: 9.26 M/s, Max Resolution: 19x24
Category: ☘️北京频道, Name: 北京财经, Total: 33, Valid: 3, Valid Percent: 9.09%, Whitelist: 0, IPv4: 0, IPv6: 33, Min Delay: 0.1 ms, Max Speed: 0.00 M/s, Avg Speed: 0.00 M/s, Max Resolution: 1920x1080
Category: ☘️北京频道, Name: 北京青年, Total: 1, Valid: 1, Valid Percent: 100.00%, Whitelist: 0, IPv4: 1, IPv6: 0, Min Delay: 11 ms, Max Speed: 9.96 M/s, Avg Speed: 9.96 M/s, Max Resolution: 19x24
Category: 🌊港·澳·台, Name: 翡翠台, Total: 70, Valid: 19, Valid Percent: 27.14%, Whitelist: 0, IPv4: 2, IPv6: 68, Min Delay: 0.1 ms, Max Speed: 6.44 M/s, Avg Speed: 0.66 M/s, Max Resolution: 1920x1080
Category: 🌊港·澳·台, Name: 明珠台, Total: 49, Valid: 0, Valid Percent: 0.00%, Whitelist: 0, IPv4: 0, IPv6: 49, Min Delay: -1 ms, Max Speed: 0.00 M/s, Avg Speed: 0.00 M/s, Max Resolution: None
Category: 🌊港·澳·台, Name: 凤凰中文, Total: 98, Valid: 20, Valid Percent: 20.41%, Whitelist: 0, IPv4: 1, IPv6: 97, Min Delay: 0.1 ms, Max Speed: 5.88 M/s, Avg Speed: 0.29 M/s, Max Resolution: 1920x1080
Category: 🌊港·澳·台, Name: 凤凰资讯, Total: 110, Valid: 35, Valid Percent: 31.82%, Whitelist: 0, IPv4: 0, IPv6: 110, Min Delay: 0.1 ms, Max Speed: 0.00 M/s, Avg Speed: 0.00 M/s, Max Resolution: 1920x1080
Category: 🌊港·澳·台, Name: 凤凰香港, Total: 85, Valid: 16, Valid Percent: 18.82%, Whitelist: 0, IPv4: 1, IPv6: 84, Min Delay: 0.1 ms, Max Speed: 6.27 M/s, Avg Speed: 0.39 M/s, Max Resolution: 1920x1080
Category: 🌊港·澳·台, Name: 凤凰卫视, Total: 6, Valid: 4, Valid Percent: 66.67%, Whitelist: 0, IPv4: 0, IPv6: 6, Min Delay: 0.1 ms, Max Speed: 0.00 M/s, Avg Speed: 0.00 M/s, Max Resolution: 1920x1080
Category: 🌊港·澳·台, Name: TVBS亚洲, Total: 3, Valid: 2, Valid Percent: 66.67%, Whitelist: 0, IPv4: 1, IPv6: 2, Min Delay: 0.1 ms, Max Speed: 0.27 M/s, Avg Speed: 0.14 M/s, Max Resolution: 1920x1080
Category: 🌊港·澳·台, Name: 香港卫视, Total: 13, Valid: 5, Valid Percent: 38.46%, Whitelist: 0, IPv4: 0, IPv6: 13, Min Delay: 0.1 ms, Max Speed: 0.00 M/s, Avg Speed: 0.00 M/s, Max Resolution: 1920x1080
Category: 🌊港·澳·台, Name: 纬来体育, Total: 12, Valid: 9, Valid Percent: 75.00%, Whitelist: 0, IPv4: 4, IPv6: 8, Min Delay: 0.1 ms, Max Speed: 8.46 M/s, Avg Speed: 3.17 M/s, Max Resolution: 1920x1080
Category: 🌊港·澳·台, Name: 纬来育乐, Total: 38, Valid: 1, Valid Percent: 2.63%, Whitelist: 0, IPv4: 1, IPv6: 37, Min Delay: 51 ms, Max Speed: 6.08 M/s, Avg Speed: 6.08 M/s, Max Resolution: 1920x1080
Category: 🌊港·澳·台, Name: J2, Total: 1, Valid: 1, Valid Percent: 100.00%, Whitelist: 0, IPv4: 0, IPv6: 1, Min Delay: 0.1 ms, Max Speed: 0.00 M/s, Avg Speed: 0.00 M/s, Max Resolution: 1920x1080
Category: 🌊港·澳·台, Name: Viutv, Total: 2, Valid: 2, Valid Percent: 100.00%, Whitelist: 0, IPv4: 1, IPv6: 1, Min Delay: 0.1 ms, Max Speed: 8.36 M/s, Avg Speed: 4.18 M/s, Max Resolution: 1920x1080
Category: 🌊港·澳·台, Name: 三立台湾, Total: 2, Valid: 2, Valid Percent: 100.00%, Whitelist: 0, IPv4: 1, IPv6: 1, Min Delay: 0.1 ms, Max Speed: 6.47 M/s, Avg Speed: 3.23 M/s, Max Resolution: 1920x1080
Category: 🌊港·澳·台, Name: 无线新闻, Total: 5, Valid: 5, Valid Percent: 100.00%, Whitelist: 0, IPv4: 0, IPv6: 5, Min Delay: 0.1 ms, Max Speed: 0.00 M/s, Avg Speed: 0.00 M/s, Max Resolution: 1920x1080
Category: 🌊港·澳·台, Name: 三立新闻, Total: 10, Valid: 6, Valid Percent: 60.00%, Whitelist: 0, IPv4: 1, IPv6: 9, Min Delay: 0.1 ms, Max Speed: 6.31 M/s, Avg Speed: 1.05 M/s, Max Resolution: 1920x1080
Category: 🌊港·澳·台, Name: 东森综合, Total: 5, Valid: 4, Valid Percent: 80.00%, Whitelist: 0, IPv4: 3, IPv6: 2, Min Delay: 0.1 ms, Max Speed: 6.31 M/s, Avg Speed: 3.75 M/s, Max Resolution: 1920x1080
Category: 🌊港·澳·台, Name: 东森超视, Total: 13, Valid: 9, Valid Percent: 69.23%, Whitelist: 0, IPv4: 4, IPv6: 9, Min Delay: 0.1 ms, Max Speed: 7.89 M/s, Avg Speed: 2.28 M/s, Max Resolution: 1920x1080
Category: 🌊港·澳·台, Name: 东森电影, Total: 7, Valid: 5, Valid Percent: 71.43%, Whitelist: 0, IPv4: 1, IPv6: 6, Min Delay: 0.1 ms, Max Speed: 6.52 M/s, Avg Speed: 1.30 M/s, Max Resolution: 1920x1080
Category: 🌊港·澳·台, Name: Now剧集, Total: 1, Valid: 0, Valid Percent: 0.00%, Whitelist: 0, IPv4: 0, IPv6: 1, Min Delay: -1 ms, Max Speed: 0.00 M/s, Avg Speed: 0.00 M/s, Max Resolution: None
Category: 🌊港·澳·台, Name: Now华剧, Total: 1, Valid: 1, Valid Percent: 100.00%, Whitelist: 0, IPv4: 1, IPv6: 0, Min Delay: 714 ms, Max Speed: 0.85 M/s, Avg Speed: 0.85 M/s, Max Resolution: 864x720
Category: 🌊港·澳·台, Name: 靖天资讯, Total: 7, Valid: 1, Valid Percent: 14.29%, Whitelist: 0, IPv4: 1, IPv6: 6, Min Delay: 51 ms, Max Speed: 6.03 M/s, Avg Speed: 6.03 M/s, Max Resolution: 1920x1080
